==================================== INPUT ====================================
/**
 * Copyright (c) Meta Platforms, Inc. and affiliates.
 *
 * This source code is licensed under the MIT license found in the
 * LICENSE file in the root directory of this source tree.
 */

//extract
function id(user: User) {}

function number(user: User) {}

function string(user: User) {}
==================================== OUTPUT ===================================
✖︎ Expected the function return type to exist

  <generated>:9:1
    7 │ 
    8 │ //extract
    9 │ function id(user: User) {}
      │ ^^^^^^^^^^^^^^^^^^^^^^^^^^
   10 │
