==================================== INPUT ====================================
/**
 * Copyright (c) Meta Platforms, Inc. and affiliates.
 *
 * This source code is licensed under the MIT license found in the
 * LICENSE file in the root directory of this source tree.
 */

//extract
function favorite_page(user: User, args: {id: ID}): Page {}
==================================== OUTPUT ===================================
Strong(
    FieldData {
        field_name: WithLocation {
            location: <generated>:211:224,
            item: "favorite_page",
        },
        return_type: TsTypeRef(
            TsTypeRef {
                span: 255..259,
                type_name: Ident(
                    Ident {
                        span: 255..259,
                        ctxt: #0,
                        sym: "Page",
                        optional: false,
                    },
                ),
                type_params: None,
            },
        ),
        entity_type: Some(
            TsTypeRef(
                TsTypeRef {
                    span: 232..236,
                    type_name: Ident(
                        Ident {
                            span: 232..236,
                            ctxt: #0,
                            sym: "User",
                            optional: false,
                        },
                    ),
                    type_params: None,
                },
            ),
        ),
        arguments: Some(
            TsTypeLit(
                TsTypeLit {
                    span: 244..252,
                    members: [
                        TsPropertySignature(
                            TsPropertySignature {
                                span: 245..251,
                                readonly: false,
                                key: Ident(
                                    Ident {
                                        span: 245..247,
                                        ctxt: #0,
                                        sym: "id",
                                        optional: false,
                                    },
                                ),
                                computed: false,
                                optional: false,
                                type_ann: Some(
                                    TsTypeAnn {
                                        span: 247..251,
                                        type_ann: TsTypeRef(
                                            TsTypeRef {
                                                span: 249..251,
                                                type_name: Ident(
                                                    Ident {
                                                        span: 249..251,
                                                        ctxt: #0,
                                                        sym: "ID",
                                                        optional: false,
                                                    },
                                                ),
                                                type_params: None,
                                            },
                                        ),
                                    },
                                ),
                            },
                        ),
                    ],
                },
            ),
        ),
        is_live: None,
    },
)
