==================================== INPUT ====================================
/**
 * Copyright (c) Meta Platforms, Inc. and affiliates.
 *
 * This source code is licensed under the MIT license found in the
 * LICENSE file in the root directory of this source tree.
 */

//extract
function live_user(user: User): LiveState<User> {}

//extract
function live_generic_user(user: User): LiveState<Generic<User>> {}

//extract
function live_array_generic_optinal_user(user: User): LiveState<Array<Generic<User | null | undefined>>> {}
==================================== OUTPUT ===================================
Strong(
    FieldData {
        field_name: WithLocation {
            location: <generated>:211:220,
            item: "live_user",
        },
        return_type: TsTypeRef(
            TsTypeRef {
                span: 245..249,
                type_name: Ident(
                    Ident {
                        span: 245..249,
                        ctxt: #0,
                        sym: "User",
                        optional: false,
                    },
                ),
                type_params: None,
            },
        ),
        entity_type: Some(
            TsTypeRef(
                TsTypeRef {
                    span: 228..232,
                    type_name: Ident(
                        Ident {
                            span: 228..232,
                            ctxt: #0,
                            sym: "User",
                            optional: false,
                        },
                    ),
                    type_params: None,
                },
            ),
        ),
        arguments: None,
        is_live: Some(
            <generated>:202:252,
        ),
    },
)

Strong(
    FieldData {
        field_name: WithLocation {
            location: <generated>:273:290,
            item: "live_generic_user",
        },
        return_type: TsTypeRef(
            TsTypeRef {
                span: 315..328,
                type_name: Ident(
                    Ident {
                        span: 315..322,
                        ctxt: #0,
                        sym: "Generic",
                        optional: false,
                    },
                ),
                type_params: Some(
                    TsTypeParamInstantiation {
                        span: 322..328,
                        params: [
                            TsTypeRef(
                                TsTypeRef {
                                    span: 323..327,
                                    type_name: Ident(
                                        Ident {
                                            span: 323..327,
                                            ctxt: #0,
                                            sym: "User",
                                            optional: false,
                                        },
                                    ),
                                    type_params: None,
                                },
                            ),
                        ],
                    },
                ),
            },
        ),
        entity_type: Some(
            TsTypeRef(
                TsTypeRef {
                    span: 298..302,
                    type_name: Ident(
                        Ident {
                            span: 298..302,
                            ctxt: #0,
                            sym: "User",
                            optional: false,
                        },
                    ),
                    type_params: None,
                },
            ),
        ),
        arguments: None,
        is_live: Some(
            <generated>:264:331,
        ),
    },
)

Strong(
    FieldData {
        field_name: WithLocation {
            location: <generated>:352:383,
            item: "live_array_generic_optinal_user",
        },
        return_type: TsTypeRef(
            TsTypeRef {
                span: 408..447,
                type_name: Ident(
                    Ident {
                        span: 408..413,
                        ctxt: #0,
                        sym: "Array",
                        optional: false,
                    },
                ),
                type_params: Some(
                    TsTypeParamInstantiation {
                        span: 413..447,
                        params: [
                            TsTypeRef(
                                TsTypeRef {
                                    span: 414..446,
                                    type_name: Ident(
                                        Ident {
                                            span: 414..421,
                                            ctxt: #0,
                                            sym: "Generic",
                                            optional: false,
                                        },
                                    ),
                                    type_params: Some(
                                        TsTypeParamInstantiation {
                                            span: 421..446,
                                            params: [
                                                TsUnionOrIntersectionType(
                                                    TsUnionType(
                                                        TsUnionType {
                                                            span: 422..445,
                                                            types: [
                                                                TsTypeRef(
                                                                    TsTypeRef {
                                                                        span: 422..426,
                                                                        type_name: Ident(
                                                                            Ident {
                                                                                span: 422..426,
                                                                                ctxt: #0,
                                                                                sym: "User",
                                                                                optional: false,
                                                                            },
                                                                        ),
                                                                        type_params: None,
                                                                    },
                                                                ),
                                                                TsKeywordType(
                                                                    TsKeywordType {
                                                                        span: 429..433,
                                                                        kind: TsNullKeyword,
                                                                    },
                                                                ),
                                                                TsKeywordType(
                                                                    TsKeywordType {
                                                                        span: 436..445,
                                                                        kind: TsUndefinedKeyword,
                                                                    },
                                                                ),
                                                            ],
                                                        },
                                                    ),
                                                ),
                                            ],
                                        },
                                    ),
                                },
                            ),
                        ],
                    },
                ),
            },
        ),
        entity_type: Some(
            TsTypeRef(
                TsTypeRef {
                    span: 391..395,
                    type_name: Ident(
                        Ident {
                            span: 391..395,
                            ctxt: #0,
                            sym: "User",
                            optional: false,
                        },
                    ),
                    type_params: None,
                },
            ),
        ),
        arguments: None,
        is_live: Some(
            <generated>:343:450,
        ),
    },
)
