==================================== INPUT ====================================
/**
 * Copyright (c) Meta Platforms, Inc. and affiliates.
 *
 * This source code is licensed under the MIT license found in the
 * LICENSE file in the root directory of this source tree.
 */

//extract
function id(user: User): ID | null {}

//extract
function number(user: User): number | undefined {}

//extract
function string(user: User): string | null | undefined {}
==================================== OUTPUT ===================================
Strong(
    FieldData {
        field_name: WithLocation {
            location: <generated>:211:213,
            item: "id",
        },
        return_type: TsUnionOrIntersectionType(
            TsUnionType(
                TsUnionType {
                    span: 228..237,
                    types: [
                        TsTypeRef(
                            TsTypeRef {
                                span: 228..230,
                                type_name: Ident(
                                    Ident {
                                        span: 228..230,
                                        ctxt: #0,
                                        sym: "ID",
                                        optional: false,
                                    },
                                ),
                                type_params: None,
                            },
                        ),
                        TsKeywordType(
                            TsKeywordType {
                                span: 233..237,
                                kind: TsNullKeyword,
                            },
                        ),
                    ],
                },
            ),
        ),
        entity_type: Some(
            TsTypeRef(
                TsTypeRef {
                    span: 221..225,
                    type_name: Ident(
                        Ident {
                            span: 221..225,
                            ctxt: #0,
                            sym: "User",
                            optional: false,
                        },
                    ),
                    type_params: None,
                },
            ),
        ),
        arguments: None,
        is_live: None,
    },
)

Strong(
    FieldData {
        field_name: WithLocation {
            location: <generated>:260:266,
            item: "number",
        },
        return_type: TsUnionOrIntersectionType(
            TsUnionType(
                TsUnionType {
                    span: 281..299,
                    types: [
                        TsKeywordType(
                            TsKeywordType {
                                span: 281..287,
                                kind: TsNumberKeyword,
                            },
                        ),
                        TsKeywordType(
                            TsKeywordType {
                                span: 290..299,
                                kind: TsUndefinedKeyword,
                            },
                        ),
                    ],
                },
            ),
        ),
        entity_type: Some(
            TsTypeRef(
                TsTypeRef {
                    span: 274..278,
                    type_name: Ident(
                        Ident {
                            span: 274..278,
                            ctxt: #0,
                            sym: "User",
                            optional: false,
                        },
                    ),
                    type_params: None,
                },
            ),
        ),
        arguments: None,
        is_live: None,
    },
)

Strong(
    FieldData {
        field_name: WithLocation {
            location: <generated>:322:328,
            item: "string",
        },
        return_type: TsUnionOrIntersectionType(
            TsUnionType(
                TsUnionType {
                    span: 343..368,
                    types: [
                        TsKeywordType(
                            TsKeywordType {
                                span: 343..349,
                                kind: TsStringKeyword,
                            },
                        ),
                        TsKeywordType(
                            TsKeywordType {
                                span: 352..356,
                                kind: TsNullKeyword,
                            },
                        ),
                        TsKeywordType(
                            TsKeywordType {
                                span: 359..368,
                                kind: TsUndefinedKeyword,
                            },
                        ),
                    ],
                },
            ),
        ),
        entity_type: Some(
            TsTypeRef(
                TsTypeRef {
                    span: 336..340,
                    type_name: Ident(
                        Ident {
                            span: 336..340,
                            ctxt: #0,
                            sym: "User",
                            optional: false,
                        },
                    ),
                    type_params: None,
                },
            ),
        ),
        arguments: None,
        is_live: None,
    },
)
